// Jest Snapshot v1, https://goo.gl/fbAQLP

exports[`Aim renders correctly 1`] = `
<div
  className="card aim-container"
  data-state="not empty"
  id="aim"
>
  <div>
    <div
      className="aim-container__curr-cont"
    >
      <h2>
        1212.00
      </h2>
      <div
        className="aim-container__cur-controls"
      >
        <div
          className="aim-container__controls_cur"
        >
          BYN
        </div>
      </div>
    </div>
    <div
      className="aim-container__aim-descr"
    >
      Билет в Зеленоград
    </div>
  </div>
</div>
`;
