// Jest Snapshot v1, https://goo.gl/fbAQLP

exports[`App renders correctly 1`] = `
Array [
  <div
    className="card aim-container"
    data-state="not empty"
    id="aim"
  >
    <div>
      <div
        className="aim-container__curr-cont"
      >
        <h2>
          0.00
        </h2>
        <div
          className="aim-container__cur-controls"
        >
          <div
            className="aim-container__controls_cur"
          >
            BYN
          </div>
        </div>
      </div>
      <div
        className="aim-container__aim-descr"
      >
        
      </div>
    </div>
  </div>,
  <div
    className="card-wrapper"
  >
    <p
      className="capture"
    >
      Поступления
      :
    </p>
    <div
      className="card"
    >
      <button
        className="close_button "
        onClick={[Function]}
      />
      <ul
        className="card-list"
      />
    </div>
  </div>,
  <div
    className="card-wrapper"
  >
    <p
      className="capture"
    >
      Результат
      :
    </p>
    <div
      className="card"
    >
      <ul
        className="card-list"
      >
        <li>
          Собрано
          : 
          <span>
            0.00
            %
          </span>
        </li>
        <li>
          Осталось
          : 
          <span>
            0.00
             BYN
          </span>
        </li>
      </ul>
    </div>
  </div>,
  <button
    className="add_button"
    onClick={[Function]}
    type="button"
  />,
]
`;
