// Jest Snapshot v1, https://goo.gl/fbAQLP

exports[`App renders correctly 1`] = `
Array [
  <div
    className="card aim-container"
    data-state="not empty"
    id="aim"
  >
    <div>
      <div
        className="aim-container__curr-cont"
      >
        <h2>
          12.10
        </h2>
        <div
          className="aim-container__cur-controls"
        >
          <div
            className="aim-container__controls_cur"
          >
            BYN
          </div>
        </div>
      </div>
      <div
        className="aim-container__aim-descr"
      >
        Билет в Витебск
      </div>
    </div>
  </div>,
  <div
    className="card-wrapper"
  >
    <p
      className="capture"
    >
      Поступления
      :
    </p>
    <div
      className="card"
    >
      <ul
        className="card-list"
      >
        <li>
          <div
            className="card-list__ind increase"
          >
            <svg
              className="card-list__ind"
              height="30"
              width="30"
            >
              <circle
                cx="15"
                cy="15"
                fill="#f5625d"
                r="8"
              />
            </svg>
          </div>
          <div
            className="card-list__comment"
          >
            пополнение
          </div>
          <div
            className="card-list__summa"
            data-time="6.8 11:45"
          >
            12
          </div>
        </li>
        <li>
          <div
            className="card-list__ind"
          >
            <svg
              className="card-list__ind"
              height="30"
              width="30"
            >
              <circle
                cx="15"
                cy="15"
                fill="#f5625d"
                r="8"
              />
            </svg>
          </div>
          <div
            className="card-list__comment"
          >
            снятие
          </div>
          <div
            className="card-list__summa"
            data-time="6.8 11:45"
          >
            2
          </div>
        </li>
      </ul>
    </div>
  </div>,
  <div
    className="card-wrapper"
  >
    <p
      className="capture"
    >
      Результат
      :
    </p>
    <div
      className="card"
    >
      <ul
        className="card-list"
      >
        <li>
          Собрано
          : 
          <span>
            35.00
            %
          </span>
        </li>
        <li>
          Осталось
          : 
          <span>
            12.00
             BYN
          </span>
        </li>
      </ul>
    </div>
  </div>,
]
`;
