// Jest Snapshot v1, https://goo.gl/fbAQLP

exports[`App renders correctly 1`] = `
Array [
  <div
    className="card aim-container"
    data-state="not empty"
    id="aim"
  >
    <div>
      <div
        className="aim-container__curr-cont"
      >
        <h2>
          12.10
        </h2>
        <div
          className="aim-container__cur-controls"
        >
          <div
            className="aim-container__controls_cur"
          >
            BYN
          </div>
        </div>
      </div>
      <div
        className="aim-container__aim-descr"
      >
        Билет в Витебск
      </div>
    </div>
  </div>,
  <div
    className="card-wrapper"
  >
    <p
      className="capture"
    >
      Поступления
      :
    </p>
    <div
      className="card"
    />
  </div>,
  <div
    className="card-wrapper"
  >
    <p
      className="capture"
    >
      Результат
      :
    </p>
    <div
      className="card"
    />
  </div>,
]
`;
